// Jest Snapshot v1, https://goo.gl/fbAQLP

exports[`renders correctly 1`] = `
<withPropsOnChange(Flex)
  alignItems="center"
  className="Bar-root"
  justifyContent="center"
>
  <div>
    Hello World
  </div>
</withPropsOnChange(Flex)>
`;
