// Jest Snapshot v1, https://goo.gl/fbAQLP

exports[`renders correctly 1`] = `
<withPropsOnChange(Typography)
  align="center"
  className="Subtitle-root"
  variant="heading4"
>
  Hello World
</withPropsOnChange(Typography)>
`;
