// Jest Snapshot v1, https://goo.gl/fbAQLP

exports[`renders correctly 1`] = `
<withPropsOnChange(Flex)
  alignItems="center"
  className="ReplyTo-root"
>
  <withPropsOnChange(Icon)>
    reply
  </withPropsOnChange(Icon)>
   
  <Localized
    id="comments-replyTo"
    username={<Username />}
  >
    <withPropsOnChange(Typography)
      className="ReplyTo-text"
      container="span"
    >
      Replying to: &lt;username&gt;&lt;/username&gt;
    </withPropsOnChange(Typography)>
  </Localized>
</withPropsOnChange(Flex)>
`;
