// Jest Snapshot v1, https://goo.gl/fbAQLP

exports[`renders correctly 1`] = `
<withPropsOnChange(Flex)>
  <withPropsOnChange(Typography)
    className="UserBoxUnauthenticated-joinText"
    component="span"
    variant="bodyCopyBold"
  >
    Join the conversation
  </withPropsOnChange(Typography)>
  <withPropsOnChange(Typography)
    component="span"
    variant="bodyCopyBold"
  >
    |
  </withPropsOnChange(Typography)>
  <withPropsOnChange(Button)
    color="primary"
    onClick={[Function]}
    size="small"
  >
    Sign In
  </withPropsOnChange(Button)>
  <withPropsOnChange(Button)
    color="primary"
    onClick={[Function]}
    size="small"
    variant="outlined"
  >
    Register
  </withPropsOnChange(Button)>
</withPropsOnChange(Flex)>
`;
