// Jest Snapshot v1, https://goo.gl/fbAQLP

exports[`renders correctly 1`] = `
<Localized
  id="comments-showConversationLink-readMore"
>
  <withPropsOnChange(Button)
    anchor={true}
    color="primary"
    href="http://localhost/comment"
    id="id"
    onClick={[Function]}
    target="_parent"
    variant="underlined"
  >
    Read More of this Conversation &gt;
  </withPropsOnChange(Button)>
</Localized>
`;
