// Jest Snapshot v1, https://goo.gl/fbAQLP

exports[`withPymStorage should handle handle errors 1`] = `"[{\\"key\\":\\"pymStorage.localStorage.error\\",\\"value\\":\\"{\\\\\\"id\\\\\\":\\\\\\"0\\\\\\",\\\\\\"error\\\\\\":\\\\\\"error\\\\\\"}\\"}]"`;

exports[`withPymStorage should handle unknown method 1`] = `"[{\\"key\\":\\"pymStorage.localStorage.error\\",\\"value\\":\\"{\\\\\\"id\\\\\\":\\\\\\"0\\\\\\",\\\\\\"error\\\\\\":\\\\\\"Unknown method unknown\\\\\\"}\\"}]"`;

exports[`withPymStorage should set, get and remove item 1`] = `
Object {
  "talkPymStorage:key": "test",
}
`;

exports[`withPymStorage should set, get and remove item 2`] = `Object {}`;

exports[`withPymStorage should set, get and remove item 3`] = `"[{\\"key\\":\\"pymStorage.localStorage.response\\",\\"value\\":\\"{\\\\\\"id\\\\\\":\\\\\\"0\\\\\\"}\\"},{\\"key\\":\\"pymStorage.localStorage.response\\",\\"value\\":\\"{\\\\\\"id\\\\\\":\\\\\\"1\\\\\\",\\\\\\"result\\\\\\":\\\\\\"test\\\\\\"}\\"},{\\"key\\":\\"pymStorage.localStorage.response\\",\\"value\\":\\"{\\\\\\"id\\\\\\":\\\\\\"2\\\\\\"}\\"}]"`;
