// Jest Snapshot v1, https://goo.gl/fbAQLP

exports[`should call clear 1`] = `"{\\"a\\":\\"0\\",\\"b\\":\\"1\\",\\"d\\":\\"3\\"}"`;
