// Jest Snapshot v1, https://goo.gl/fbAQLP

exports[`renders correctly 1`] = `
<input
  className="TextField-root TextField-colorRegular TextField-fullWidth custom"
  defaultValue="Hello World"
  placeholder=""
/>
`;
