// Jest Snapshot v1, https://goo.gl/fbAQLP

exports[`renders correctly 1`] = `
<Localized
  attrs={
    Object {
      "aria-label": true,
    }
  }
  id="comments-replyButton"
  vars={
    Object {
      "username": undefined,
    }
  }
>
  <ForwardRef(forwardRef)
    active={true}
    color="secondary"
    data-testid="comment-reply-button"
    fontSize="small"
    fontWeight="semiBold"
    id="id"
    onClick={[Function]}
    paddingSize="extraSmall"
    variant="flat"
  >
    <ForwardRef(forwardRef)
      alignItems="center"
      container="span"
    >
      <SvgIcon
        Icon={[Function]}
        className="ReplyButton-icon"
      />
      <MediaQuery
        minWidth={400}
      >
        <Localized
          id="comments-replyButton-reply"
        >
          <span>
            Reply
          </span>
        </Localized>
      </MediaQuery>
    </ForwardRef(forwardRef)>
  </ForwardRef(forwardRef)>
</Localized>
`;
