// Jest Snapshot v1, https://goo.gl/fbAQLP

exports[`post a comment: optimistic response 1`] = `
<div
  aria-labelledby="comment-comment-x-label"
  className="CommentContainer-root coral coral-comment coral coral-reacted-0"
  data-key-stop={true}
  data-testid="comment-comment-x"
  id="comment-comment-x"
  onFocus={[Function]}
  role="article"
  tabIndex={-1}
>
  <div
    className="Hidden-root"
    id="comment-comment-x-label"
  >
    <span>
      Comment from Markus 
      <time
        className="RelativeTime-root"
        dateTime="2018-07-06T18:24:00.000Z"
        title="2018-07-06T18:24:00.000Z"
      >
        2018-07-06T18:24:00.000Z
      </time>
    </span>
  </div>
  <div
    className="Box-root HorizontalGutter-root HorizontalGutter-full"
  >
    <div
      className="coral coral-comment-collapse-toggle-indent Indent-root"
    >
      <div
        className="CommentContainer-indentedCommentRoot coral coral-indent coral-indent-0 Indent-open"
      >
        <div
          className="Box-root Flex-root Flex-flex Flex-alignFlexStart gutter Flex-spacing-1"
        >
          <button
            aria-label="Hide comment by Markus and its replies"
            className="BaseButton-root IndentedComment-toggleButton coral coral-comment-collapse-toggle"
            onBlur={[Function]}
            onClick={[Function]}
            onFocus={[Function]}
            onMouseOut={[Function]}
            onMouseOver={[Function]}
            onTouchEnd={[Function]}
            type="button"
          >
            <span
              className="SvgIcon-root SvgIcon-sm IndentedComment-icon coral coral-comment-collapse-toggle-icon SvgIcon-strokeWidthRegular SvgIcon-noFill"
            >
              <svg
                viewBox="0 0 24 24"
                xmlns="http://www.w3.org/2000/svg"
              >
                <path
                  d="M0.75 12.038L23.25 12.038"
                  fill="none"
                  stroke="currentColor"
                  strokeLinecap="round"
                  strokeLinejoin="round"
                />
              </svg>
            </span>
          </button>
          <div
            className="Box-root HorizontalGutter-root Comment-root HorizontalGutter-half"
          >
            <div
              className="Box-root Flex-root coral coral-comment-topBar Flex-flex Flex-justifySpaceBetween Flex-alignFlexStart Flex-directionRow"
            >
              <div
                className="Box-root Flex-root Flex-flex Flex-wrap Flex-alignCenter"
              >
                <div
                  className="Comment-username"
                >
                  <div
                    className="Popover-root"
                  >
                    <button
                      aria-controls="username-popover-comment-x"
                      aria-label="User Markus"
                      className="BaseButton-root CommentContainer-usernameButton coral coral-username coral-comment-username"
                      onBlur={[Function]}
                      onClick={[Function]}
                      onFocus={[Function]}
                      onMouseOut={[Function]}
                      onMouseOver={[Function]}
                      onTouchEnd={[Function]}
                      type="button"
                    >
                      <span
                        className="Username-root"
                      >
                        Markus
                      </span>
                    </button>
                    <div
                      aria-hidden={true}
                      aria-label="A popover with more user information"
                      id="username-popover-comment-x"
                      role="dialog"
                    />
                  </div>
                </div>
                <div
                  className="Box-root Flex-root Flex-flex Flex-wrap Flex-alignCenter Flex-directionRow"
                >
                  <button
                    className="BaseButton-root Timestamp-root"
                    onBlur={[Function]}
                    onClick={[Function]}
                    onFocus={[Function]}
                    onMouseOut={[Function]}
                    onMouseOver={[Function]}
                    onTouchEnd={[Function]}
                    type="button"
                  >
                    <time
                      className="RelativeTime-root Timestamp-text Comment-timestamp coral coral-timestamp coral-comment-timestamp"
                      dateTime="2018-07-06T18:24:00.000Z"
                      title="2018-07-06T18:24:00.000Z"
                    >
                      2018-07-06T18:24:00.000Z
                    </time>
                  </button>
                </div>
              </div>
              <div
                className="Box-root Flex-root Flex-flex Flex-wrap Flex-justifyFlexEnd"
              >
                <div
                  className="Box-root Flex-root Flex-flex Flex-itemGutter Flex-justifyFlexEnd Flex-alignCenter gutter"
                >
                  <button
                    className="BaseButton-root Button-root Button-sizeRegular Button-colorStream Button-variantText Button-uppercase coral coral-comment-editButton CommentContainer-editButton"
                    data-testid="comment-edit-button"
                    data-variant="text"
                    onBlur={[Function]}
                    onClick={[Function]}
                    onFocus={[Function]}
                    onMouseOut={[Function]}
                    onMouseOver={[Function]}
                    onTouchEnd={[Function]}
                    type="button"
                  >
                    <div
                      className="Box-root Flex-root Flex-flex Flex-justifyCenter Flex-alignCenter"
                    >
                      <span
                        className="SvgIcon-root SvgIcon-sm CommentContainer-editIcon SvgIcon-strokeWidthRegular SvgIcon-noFill"
                      >
                        <svg
                          viewBox="-0.25 -0.25 24.5 24.5"
                          xmlns="http://www.w3.org/2000/svg"
                        >
                          <path
                            d="M22.19,1.81a3.638,3.638,0,0,0-5.169.035l-14.5,14.5L.75,23.25l6.905-1.771,14.5-14.5A3.638,3.638,0,0,0,22.19,1.81Z"
                            fill="none"
                            stroke="currentColor"
                            strokeLinecap="round"
                            strokeLinejoin="round"
                          />
                          <path
                            d="M16.606 2.26L21.74 7.394"
                            fill="none"
                            stroke="currentColor"
                            strokeLinecap="round"
                            strokeLinejoin="round"
                          />
                          <path
                            d="M14.512 4.354L19.646 9.488"
                            fill="none"
                            stroke="currentColor"
                            strokeLinecap="round"
                            strokeLinejoin="round"
                          />
                          <path
                            d="M2.521 16.345L7.66 21.474"
                            fill="none"
                            stroke="currentColor"
                            strokeLinecap="round"
                            strokeLinejoin="round"
                          />
                        </svg>
                      </span>
                      Edit
                    </div>
                  </button>
                </div>
              </div>
            </div>
            <div
              className="Box-root HorizontalGutter-root HorizontalGutter-oneAndAHalf"
            >
              <div
                className="HTMLContent-root coral coral-content coral-comment-content"
                dangerouslySetInnerHTML={
                  Object {
                    "__html": "<b>Hello world! (from server)</b>",
                  }
                }
              />
              <div
                className="Box-root Flex-root coral coral-comment-actionBar Flex-flex Flex-justifySpaceBetween"
              >
                <div
                  className="Box-root Flex-root CommentContainer-actionBar Flex-flex Flex-halfItemGutter Flex-justifySpaceBetween Flex-alignCenter Flex-directionRow gutter"
                >
                  <button
                    aria-label="Respect comment by Markus"
                    aria-pressed={false}
                    className="BaseButton-root Button-base Button-flat Button-fontSizeSmall Button-textAlignCenter Button-fontFamilyPrimary Button-fontWeightPrimarySemiBold Button-paddingSizeExtraSmall Button-colorSecondary CommentContainer-actionButton coral coral-reactButton coral-comment-reactButton ReactionButton-button"
                    data-testid="comment-reaction-button"
                    data-variant="flat"
                    disabled={false}
                    onBlur={[Function]}
                    onClick={[Function]}
                    onFocus={[Function]}
                    onMouseOut={[Function]}
                    onMouseOver={[Function]}
                    onTouchEnd={[Function]}
                    type="button"
                  >
                    <span
                      className="Box-root Flex-root Flex-flex Flex-alignCenter"
                    >
                      <span
                        className="SvgIcon-root SvgIcon-sm ReactionButton-icon SvgIcon-strokeWidthRegular SvgIcon-noFill"
                      >
                        <svg
                          viewBox="0 0 24 24"
                          xmlns="http://www.w3.org/2000/svg"
                        >
                          <path
                            d="M5.33014 8.42566H0.830139V21.9257H5.33014V8.42566Z"
                            stroke="currentColor"
                            strokeLinecap="round"
                            strokeLinejoin="round"
                          />
                          <path
                            d="M5.33099 20.421C9.88265 20.421 10.2535 22.2335 16.4162 22.6037C18.1465 22.7076 19.3882 22.7972 20.5406 21.3197C23.0714 18.0748 24.287 10.3581 21.8323 10.3581H16.8181C15.7136 10.3581 14.8181 9.46264 14.8181 8.35807V4.46807C14.8181 1.44807 10.4002 -0.136834 10.4002 3.24807C10.4002 5.67566 9.4752 7.34449 7.92993 8.81464C7.17404 9.53378 6.29025 9.91876 5.33099 10.1244"
                            stroke="currentColor"
                            strokeLinecap="round"
                            strokeLinejoin="round"
                          />
                        </svg>
                      </span>
                    </span>
                  </button>
                  <button
                    aria-label="Reply to comment by Markus"
                    aria-pressed={false}
                    className="BaseButton-root Button-base Button-flat Button-fontSizeSmall Button-textAlignCenter Button-fontFamilyPrimary Button-fontWeightPrimarySemiBold Button-paddingSizeExtraSmall Button-colorSecondary CommentContainer-actionButton coral coral-comment-replyButton"
                    data-testid="comment-reply-button"
                    data-variant="flat"
                    disabled={false}
                    id="comments-commentContainer-replyButton-comment-x"
                    onBlur={[Function]}
                    onClick={[Function]}
                    onFocus={[Function]}
                    onMouseOut={[Function]}
                    onMouseOver={[Function]}
                    onTouchEnd={[Function]}
                    type="button"
                  >
                    <span
                      className="Box-root Flex-root Flex-flex Flex-alignCenter"
                    >
                      <span
                        className="SvgIcon-root SvgIcon-sm ReplyButton-icon SvgIcon-strokeWidthRegular SvgIcon-noFill"
                      >
                        <svg
                          viewBox="0 0 24 24"
                          xmlns="http://www.w3.org/2000/svg"
                        >
                          <defs />
                          <title>
                            email-action-reply
                          </title>
                          <path
                            d="M9.709,6.837a1.5,1.5,0,0,0-2.6-1.018L1.648,11.733a1.5,1.5,0,0,0,0,2.034l5.458,5.914a1.5,1.5,0,0,0,2.6-1.018V15.75h6a7.5,7.5,0,0,1,7.5,7.5v-6a7.5,7.5,0,0,0-7.5-7.5h-6Z"
                            fill="none"
                            stroke="currentColor"
                            strokeLinecap="round"
                            strokeLinejoin="round"
                          />
                        </svg>
                      </span>
                    </span>
                  </button>
                  <div
                    className="Popover-root"
                  >
                    <button
                      aria-controls="permalink-popover-comment-x"
                      aria-label="Share comment by Markus"
                      aria-pressed={false}
                      className="BaseButton-root Button-base Button-flat Button-fontSizeSmall Button-textAlignCenter Button-fontFamilyPrimary Button-fontWeightPrimarySemiBold Button-paddingSizeExtraSmall Button-colorSecondary coral coral-comment-shareButton"
                      data-variant="flat"
                      disabled={false}
                      onBlur={[Function]}
                      onClick={[Function]}
                      onFocus={[Function]}
                      onMouseOut={[Function]}
                      onMouseOver={[Function]}
                      onTouchEnd={[Function]}
                      type="button"
                    >
                      <span
                        className="Box-root Flex-root Flex-flex Flex-alignCenter"
                      >
                        <span
                          className="SvgIcon-root SvgIcon-sm PermalinkButton-icon SvgIcon-strokeWidthRegular SvgIcon-noFill"
                        >
                          <svg
                            viewBox="-0.25 -0.25 24.5 24.5"
                            xmlns="http://www.w3.org/2000/svg"
                          >
                            <path
                              d="M1.500 11.250 A3.750 3.750 0 1 0 9.000 11.250 A3.750 3.750 0 1 0 1.500 11.250 Z"
                              fill="none"
                              stroke="currentColor"
                              strokeLinecap="round"
                              strokeLinejoin="round"
                            />
                            <path
                              d="M15.000 6.000 A3.750 3.750 0 1 0 22.500 6.000 A3.750 3.750 0 1 0 15.000 6.000 Z"
                              fill="none"
                              stroke="currentColor"
                              strokeLinecap="round"
                              strokeLinejoin="round"
                            />
                            <path
                              d="M15.000 18.000 A3.750 3.750 0 1 0 22.500 18.000 A3.750 3.750 0 1 0 15.000 18.000 Z"
                              fill="none"
                              stroke="currentColor"
                              strokeLinecap="round"
                              strokeLinejoin="round"
                            />
                            <path
                              d="M8.746 9.891L15.254 7.36"
                              fill="none"
                              stroke="currentColor"
                              strokeLinecap="round"
                              strokeLinejoin="round"
                            />
                            <path
                              d="M8.605 12.928L15.395 16.323"
                              fill="none"
                              stroke="currentColor"
                              strokeLinecap="round"
                              strokeLinejoin="round"
                            />
                          </svg>
                        </span>
                      </span>
                    </button>
                    <div
                      aria-hidden={true}
                      aria-label="A dialog showing a permalink to the comment"
                      id="permalink-popover-comment-x"
                      role="dialog"
                    />
                  </div>
                </div>
                <div
                  className="Box-root Flex-root Flex-flex Flex-halfItemGutter Flex-justifySpaceBetween Flex-alignCenter Flex-directionRow gutter"
                >
                  <button
                    aria-label="Report comment by Markus"
                    aria-pressed={false}
                    className="BaseButton-root Button-base Button-flat Button-fontSizeSmall Button-textAlignCenter Button-fontFamilyPrimary Button-fontWeightPrimarySemiBold Button-paddingSizeExtraSmall Button-colorSecondary coral coral-reportButton coral-comment-reportButton"
                    data-testid="comment-report-button"
                    data-variant="flat"
                    disabled={false}
                    onBlur={[Function]}
                    onClick={[Function]}
                    onFocus={[Function]}
                    onMouseOut={[Function]}
                    onMouseOver={[Function]}
                    onTouchEnd={[Function]}
                    type="button"
                  >
                    <span
                      className="Box-root Flex-root Flex-flex Flex-alignCenter"
                    >
                      <span
                        className="SvgIcon-root SvgIcon-sm ReportButton-icon SvgIcon-strokeWidthRegular SvgIcon-noFill"
                      >
                        <svg
                          viewBox="0 0 24 24"
                          xmlns="http://www.w3.org/2000/svg"
                        >
                          <path
                            d="M0.75 23.25L0.75 0.75"
                            stroke="currentColor"
                            strokeLinecap="round"
                            strokeLinejoin="round"
                          />
                          <path
                            d="M.75,17.708l3.154-.97a9.61,9.61,0,0,1,7.864,1A9.615,9.615,0,0,0,19.447,18.8l2.987-.854a1.125,1.125,0,0,0,.816-1.082V5.137a1.126,1.126,0,0,0-1.434-1.082l-2.369.677a9.615,9.615,0,0,1-7.679-1.056,9.61,9.61,0,0,0-7.864-1L.75,3.645"
                            stroke="currentColor"
                            strokeLinecap="round"
                            strokeLinejoin="round"
                          />
                        </svg>
                      </span>
                    </span>
                  </button>
                </div>
              </div>
            </div>
          </div>
        </div>
      </div>
    </div>
  </div>
</div>
`;
