// Jest Snapshot v1, https://goo.gl/fbAQLP

exports[`renders comment stream 1`] = `
<div
  className="root"
>
  <div>
    <h1
      className="root heading1 gutterBottom"
    >
      Talk NEO
    </h1>
    <form
      autoComplete="off"
      onSubmit={[Function]}
    >
      <div>
        <textarea
          className="textarea"
          name="body"
          onChange={[Function]}
          value=""
        />
      </div>
      <div
        className="postButtonContainer"
      >
        <button
          className="root root primary"
          disabled={false}
          onBlur={[Function]}
          onFocus={[Function]}
          onMouseDown={[Function]}
        >
          Post
        </button>
      </div>
    </form>
    <div
      className="root gutterBottom"
    >
      <p
        className="root body1 gutterBottom author"
      >
        Markus
      </p>
      <p
        className="root body1"
      >
        Joining Too
      </p>
    </div>
    <div
      className="root gutterBottom"
    >
      <p
        className="root body1 gutterBottom author"
      >
        Lukas
      </p>
      <p
        className="root body1"
      >
        What's up?
      </p>
    </div>
  </div>
</div>
`;
