// Jest Snapshot v1, https://goo.gl/fbAQLP

exports[`renders comment stream 1`] = `
<div
  className="Center-root"
>
  <div>
    <h1
      className="Typography-root Typography-heading1 Typography-gutterBottom"
    >
      Talk NEO
    </h1>
    <form
      autoComplete="off"
      onSubmit={[Function]}
    >
      <div>
        <textarea
          className="PostCommentForm-textarea"
          name="body"
          onChange={[Function]}
          value=""
        />
      </div>
      <div
        className="PostCommentForm-postButtonContainer"
      >
        <button
          className="BaseButton-root Button-root Button-primary"
          disabled={false}
          onBlur={[Function]}
          onFocus={[Function]}
          onMouseDown={[Function]}
        >
          Post
        </button>
      </div>
    </form>
    <div>
      <div
        className="Comment-root Comment-gutterBottom"
      >
        <p
          className="Typography-root Typography-body1 Typography-gutterBottom Username-root"
        >
          Markus
        </p>
        <p
          className="Typography-root Typography-body1"
        >
          Joining Too
        </p>
      </div>
    </div>
    <div>
      <div
        className="Comment-root Comment-gutterBottom"
      >
        <p
          className="Typography-root Typography-body1 Typography-gutterBottom Username-root"
        >
          Markus
        </p>
        <p
          className="Typography-root Typography-body1"
        >
          I like yoghurt
        </p>
      </div>
      <div
        className="Indent-root Indent-level0"
      >
        <div
          className="Comment-root Comment-gutterBottom"
        >
          <p
            className="Typography-root Typography-body1 Typography-gutterBottom Username-root"
          >
            Markus
          </p>
          <p
            className="Typography-root Typography-body1"
          >
            Joining Too
          </p>
        </div>
        <div
          className="Comment-root Comment-gutterBottom"
        >
          <p
            className="Typography-root Typography-body1 Typography-gutterBottom Username-root"
          >
            Lukas
          </p>
          <p
            className="Typography-root Typography-body1"
          >
            What's up?
          </p>
        </div>
      </div>
    </div>
  </div>
</div>
`;
