// Jest Snapshot v1, https://goo.gl/fbAQLP

exports[`renders correctly 1`] = `
<ul
  className="TabBar-root TabBar-primary"
  role="tablist"
>
  <li
    className="Tab-root Tab-primary Tab-active"
    id="one-tab"
    onClick={[Function]}
    role="presentation"
  >
    <button
      aria-controls="one"
      aria-selected={true}
      className="BaseButton-root"
      onBlur={[Function]}
      onClick={[Function]}
      onFocus={[Function]}
      onMouseDown={[Function]}
      onMouseOut={[Function]}
      onMouseOver={[Function]}
      onTouchEnd={[Function]}
      role="tab"
      type="button"
    >
      One
    </button>
  </li>
  <li
    className="Tab-root Tab-primary"
    id="two-tab"
    onClick={[Function]}
    role="presentation"
  >
    <button
      aria-controls="two"
      aria-selected={false}
      className="BaseButton-root"
      onBlur={[Function]}
      onClick={[Function]}
      onFocus={[Function]}
      onMouseDown={[Function]}
      onMouseOut={[Function]}
      onMouseOver={[Function]}
      onTouchEnd={[Function]}
      role="tab"
      type="button"
    >
      Two
    </button>
  </li>
  <li
    className="Tab-root Tab-primary"
    id="three-tab"
    onClick={[Function]}
    role="presentation"
  >
    <button
      aria-controls="three"
      aria-selected={false}
      className="BaseButton-root"
      onBlur={[Function]}
      onClick={[Function]}
      onFocus={[Function]}
      onMouseDown={[Function]}
      onMouseOut={[Function]}
      onMouseOver={[Function]}
      onTouchEnd={[Function]}
      role="tab"
      type="button"
    >
      Three
    </button>
  </li>
</ul>
`;
