// Jest Snapshot v1, https://goo.gl/fbAQLP

exports[`renders correctly 1`] = `
<section
  aria-labelledby="one-tab"
  id="one"
  role="tabpanel"
>
  Hola One
</section>
`;
