// Jest Snapshot v1, https://goo.gl/fbAQLP

exports[`renders correctly 1`] = `
<section
  aria-labelledby="three-tab"
  id="three"
  role="tabpanel"
>
  Three
</section>
`;
