// Jest Snapshot v1, https://goo.gl/fbAQLP

exports[`tab bar renders tab bar (empty queues) 1`] = `
<div
  className="SubBar-root Moderate-subBar"
  data-testid="moderate-tabBar-container"
>
  <div
    className="Box-root Flex-root SubBar-container Flex-flex Flex-justifyCenter Flex-alignCenter"
  >
    <nav
      className="Navigation-root"
    >
      <ul
        className="Navigation-ul"
      >
        <li
          className="NavigationItem-root"
        >
          <a
            className="NavigationItem-anchor NavigationItem-active"
            href="/admin/moderate/reported"
            onClick={[Function]}
          >
            <span
              className="SvgIcon-root SvgIcon-sm Navigation-icon SvgIcon-strokeWidthRegular SvgIcon-noFill"
            >
              <svg
                viewBox="0 0 24 24"
                xmlns="http://www.w3.org/2000/svg"
              >
                <path
                  d="M0.75 23.25L0.75 0.75"
                  stroke="currentColor"
                  strokeLinecap="round"
                  strokeLinejoin="round"
                />
                <path
                  d="M.75,17.708l3.154-.97a9.61,9.61,0,0,1,7.864,1A9.615,9.615,0,0,0,19.447,18.8l2.987-.854a1.125,1.125,0,0,0,.816-1.082V5.137a1.126,1.126,0,0,0-1.434-1.082l-2.369.677a9.615,9.615,0,0,1-7.679-1.056,9.61,9.61,0,0,0-7.864-1L.75,3.645"
                  stroke="currentColor"
                  strokeLinecap="round"
                  strokeLinejoin="round"
                />
              </svg>
            </span>
            <span>
              reported
            </span>
            <span
              className="Counter-root Counter-colorInherit"
              data-testid="moderate-navigation-reported-count"
            >
              <span
                className="Counter-text"
              >
                0
              </span>
            </span>
          </a>
        </li>
        <li
          className="NavigationItem-root"
        >
          <a
            className="NavigationItem-anchor"
            href="/admin/moderate/pending"
            onClick={[Function]}
          >
            <span
              className="SvgIcon-root SvgIcon-sm Navigation-icon SvgIcon-strokeWidthRegular SvgIcon-noFill"
            >
              <svg
                viewBox="-0.25 -0.25 24.5 24.5"
                xmlns="http://www.w3.org/2000/svg"
              >
                <path
                  d="M1.500 12.000 A10.500 10.500 0 1 0 22.500 12.000 A10.500 10.500 0 1 0 1.500 12.000 Z"
                  fill="none"
                  stroke="currentColor"
                  strokeLinecap="round"
                  strokeLinejoin="round"
                />
                <path
                  d="M12 12L12 8.25"
                  fill="none"
                  stroke="currentColor"
                  strokeLinecap="round"
                  strokeLinejoin="round"
                />
                <path
                  d="M12 12L16.687 16.688"
                  fill="none"
                  stroke="currentColor"
                  strokeLinecap="round"
                  strokeLinejoin="round"
                />
              </svg>
            </span>
            <span>
              Pending
            </span>
            <span
              className="Counter-root Counter-colorInherit"
              data-testid="moderate-navigation-pending-count"
            >
              <span
                className="Counter-text"
              >
                0
              </span>
            </span>
          </a>
        </li>
        <li
          className="NavigationItem-root"
        >
          <a
            className="NavigationItem-anchor"
            href="/admin/moderate/unmoderated"
            onClick={[Function]}
          >
            <span
              className="SvgIcon-root SvgIcon-sm Navigation-icon SvgIcon-strokeWidthRegular SvgIcon-noFill"
            >
              <svg
                viewBox="-0.25 -0.25 24.5 24.5"
                xmlns="http://www.w3.org/2000/svg"
              >
                <path
                  d="M21.75,18.75H11.25l-6,4.5v-4.5h-3a1.5,1.5,0,0,1-1.5-1.5v-15A1.5,1.5,0,0,1,2.25.75h19.5a1.5,1.5,0,0,1,1.5,1.5v15A1.5,1.5,0,0,1,21.75,18.75Z"
                  fill="none"
                  stroke="currentColor"
                  strokeLinecap="round"
                  strokeLinejoin="round"
                />
              </svg>
            </span>
            <span>
              unmoderated
            </span>
            <span
              className="Counter-root Counter-colorInherit"
              data-testid="moderate-navigation-unmoderated-count"
            >
              <span
                className="Counter-text"
              >
                0
              </span>
            </span>
          </a>
        </li>
        <li
          className="NavigationItem-root"
        >
          <a
            className="NavigationItem-anchor"
            href="/admin/moderate/approved"
            onClick={[Function]}
          >
            <span
              className="SvgIcon-root SvgIcon-sm Navigation-icon SvgIcon-strokeWidthRegular SvgIcon-noFill"
            >
              <svg
                viewBox="-0.25 -0.25 24.5 24.5"
                xmlns="http://www.w3.org/2000/svg"
              >
                <path
                  d="M6,13.223,8.45,16.7a1.049,1.049,0,0,0,1.707.051L18,6.828"
                  fill="none"
                  stroke="currentColor"
                  strokeLinecap="round"
                  strokeLinejoin="round"
                />
                <path
                  d="M0.750 11.999 A11.250 11.250 0 1 0 23.250 11.999 A11.250 11.250 0 1 0 0.750 11.999 Z"
                  fill="none"
                  stroke="currentColor"
                  strokeLinecap="round"
                  strokeLinejoin="round"
                />
              </svg>
            </span>
            <span>
              approved
            </span>
          </a>
        </li>
        <li
          className="NavigationItem-root"
        >
          <a
            className="NavigationItem-anchor"
            href="/admin/moderate/rejected"
            onClick={[Function]}
          >
            <span
              className="SvgIcon-root SvgIcon-sm Navigation-icon SvgIcon-strokeWidthRegular SvgIcon-noFill"
            >
              <svg
                viewBox="-0.25 -0.25 24.5 24.5"
                xmlns="http://www.w3.org/2000/svg"
              >
                <path
                  d="M15.182 8.818L8.818 15.181"
                  fill="none"
                  stroke="currentColor"
                  strokeLinecap="round"
                  strokeLinejoin="round"
                />
                <path
                  d="M8.818 8.818L15.182 15.181"
                  fill="none"
                  stroke="currentColor"
                  strokeLinecap="round"
                  strokeLinejoin="round"
                />
                <path
                  d="M0.750 12.000 A11.250 11.250 0 1 0 23.250 12.000 A11.250 11.250 0 1 0 0.750 12.000 Z"
                  fill="none"
                  stroke="currentColor"
                  strokeLinecap="round"
                  strokeLinejoin="round"
                />
              </svg>
            </span>
            <span>
              rejected
            </span>
          </a>
        </li>
      </ul>
    </nav>
    <div
      className="QueueSort-root"
    >
      <span
        className="SelectField-root"
      >
        <select
          className="SelectField-select SelectField-selectFont SelectField-selectColor coral-selectField"
          onBlur={[Function]}
          onChange={[Function]}
          onFocus={[Function]}
          value="CREATED_AT_DESC"
        >
          <option
            value="CREATED_AT_DESC"
          >
            Newest
          </option>
          <option
            value="CREATED_AT_ASC"
          >
            Oldest
          </option>
        </select>
        <span
          aria-hidden={true}
          className="SelectField-afterWrapper"
        >
          <span
            className="SvgIcon-root SvgIcon-xs SvgIcon-strokeWidthRegular SvgIcon-noFill"
          >
            <svg
              viewBox="0 0 24 24"
              xmlns="http://www.w3.org/2000/svg"
            >
              <path
                d="M23.25 7.311L12.53 18.03C12.4604 18.0997 12.3778 18.1549 12.2869 18.1926C12.1959 18.2304 12.0984 18.2498 12 18.2498C11.9016 18.2498 11.8041 18.2304 11.7131 18.1926C11.6222 18.1549 11.5396 18.0997 11.47 18.03L0.75 7.311"
                stroke="currentColor"
                strokeLinecap="round"
                strokeLinejoin="round"
              />
            </svg>
          </span>
        </span>
      </span>
    </div>
  </div>
</div>
`;
