// Jest Snapshot v1, https://goo.gl/fbAQLP

exports[`renders link account view 1`] = `
<div
  className="coral-width-gt-xs coral-width-gte-xs coral-width-gt-mobile coral-width-gte-mobile coral-width-gt-mobileMax coral-width-gte-mobileMax coral-width-gt-sm coral-width-gte-sm coral-width-gte-md coral-width-lte-md coral-width-lt-lg coral-width-lte-lg coral-width-lt-xl coral-width-lte-xl"
  id="coral"
>
  <div>
    <div
      data-testid="linkAccount-container"
    >
      <div
        className="coral coral-login-bar LinkAccountContainer-bar"
        role="banner"
      >
        <div
          className="coral coral-login-title LinkAccountContainer-title"
        >
          Link account
        </div>
      </div>
      <main
        className="Main-root"
        data-testid="linkAccount-main"
        id="link-account-main"
      >
        <form
          autoComplete="off"
          onSubmit={[Function]}
        >
          <div
            className="coral coral-login-description LinkAccountContainer-description"
          >
            The email 
            <span
              className="LinkAccountContainer-strong"
            >
              my@email.com
            </span>
             is
already associated with an account. If you would like to
link these enter your password.
          </div>
          <div
            className="coral coral-login-field LinkAccountContainer-field"
          >
            <div
              className="Box-root HorizontalGutter-root FormField-root HorizontalGutter-spacing-2"
            >
              <label
                className="InputLabel-root"
                htmlFor="password"
              >
                Password
              </label>
              <div
                className="PasswordField-fullWidth PasswordField-root"
              >
                <div
                  className="PasswordField-wrapper"
                >
                  <input
                    className="PasswordField-colorStreamBlue PasswordField-fullWidth PasswordField-input"
                    data-testid="password-field"
                    disabled={false}
                    id="password"
                    name="password"
                    onBlur={[Function]}
                    onChange={[Function]}
                    onFocus={[Function]}
                    placeholder="Password"
                    type="password"
                    value=""
                  />
                  <div
                    className="PasswordField-icon"
                    onClick={[Function]}
                    onKeyUp={[Function]}
                    role="button"
                    tabIndex={0}
                    title="Hide password"
                  >
                    <span
                      className="SvgIcon-root SvgIcon-sm SvgIcon-strokeWidthRegular SvgIcon-noFill"
                    >
                      <svg
                        viewBox="-0.25 -0.25 24.5 24.5"
                        xmlns="http://www.w3.org/2000/svg"
                      >
                        <path
                          d="M12,5.251C7.969,5.183,3.8,8,1.179,10.885a1.663,1.663,0,0,0,0,2.226C3.743,15.935,7.9,18.817,12,18.748c4.1.069,8.258-2.813,10.824-5.637a1.663,1.663,0,0,0,0-2.226C20.2,8,16.031,5.183,12,5.251Z"
                          fill="none"
                          stroke="currentColor"
                          strokeLinecap="round"
                          strokeLinejoin="round"
                        />
                        <path
                          d="M15.75,12A3.75,3.75,0,1,1,12,8.249,3.749,3.749,0,0,1,15.75,12Z"
                          fill="none"
                          stroke="currentColor"
                          strokeLinecap="round"
                          strokeLinejoin="round"
                        />
                      </svg>
                    </span>
                  </div>
                </div>
              </div>
            </div>
          </div>
          <button
            className="BaseButton-root Button-base Button-filled Button-fontSizeMedium Button-textAlignCenter Button-fontFamilyPrimary Button-fontWeightPrimaryBold Button-paddingSizeMedium Button-colorPrimary Button-upperCase Button-fullWidth"
            data-variant="filled"
            disabled={false}
            onBlur={[Function]}
            onFocus={[Function]}
            onMouseOut={[Function]}
            onMouseOver={[Function]}
            onTouchEnd={[Function]}
            type="submit"
          >
            Link account
          </button>
        </form>
        <div
          className="coral coral-login-orSeparator OrSeparator-or"
        >
          Or
        </div>
        <button
          className="BaseButton-root Button-base Button-filled Button-fontSizeMedium Button-textAlignCenter Button-fontFamilyPrimary Button-fontWeightPrimaryBold Button-paddingSizeMedium Button-colorSecondary Button-upperCase Button-fullWidth"
          data-variant="filled"
          disabled={false}
          onBlur={[Function]}
          onClick={[Function]}
          onFocus={[Function]}
          onMouseOut={[Function]}
          onMouseOver={[Function]}
          onTouchEnd={[Function]}
          type="submit"
        >
          Use a different email address
        </button>
      </main>
    </div>
  </div>
</div>
`;
