// Jest Snapshot v1, https://goo.gl/fbAQLP

exports[`renders correctly 1`] = `
<div
  className="Message-root Message-colorError custom"
>
  <span
    aria-hidden="true"
    className="Icon-root MessageIcon-root Icon-sm"
  >
    warning
  </span>
  Hello World
</div>
`;
