// Jest Snapshot v1, https://goo.gl/fbAQLP

exports[`renders correctly 1`] = `
<div
  className="FormField-root FormField-itemGutter"
>
  Form Components should go here
</div>
`;

exports[`works with multiple form components 1`] = `
<div
  className="FormField-root FormField-itemGutter"
>
  <label
    className="Typography-root Typography-inputLabel Typography-colorTextPrimary InputLabel-root"
  >
    Username
  </label>
  <p
    className="Typography-root Typography-inputDescription Typography-colorTextSecondary"
  >
    A unique identifier displayed on your comments. You may use “_” and “.”
  </p>
  <input
    className="TextField-root TextField-colorRegular"
    placeholder=""
  />
</div>
`;
