// Jest Snapshot v1, https://goo.gl/fbAQLP

exports[`renders username and body 1`] = `
<div
  className="Comment-root"
  role="article"
>
  <withPropsOnChange(Flex)
    className="Comment-topBar"
    direction="row"
    justifyContent="space-between"
  >
    <TopBarLeft>
      <Username>
        Marvin
      </Username>
      <Timestamp>
        1995-12-17T03:24:00.000Z
      </Timestamp>
    </TopBarLeft>
  </withPropsOnChange(Flex)>
  <HTMLContent>
    Woof
  </HTMLContent>
  <withPropsOnChange(Flex)
    className="Comment-footer"
    direction="row"
    itemGutter="half"
  />
</div>
`;
