// Jest Snapshot v1, https://goo.gl/fbAQLP

exports[`edit a comment: render stream 1`] = `
<div
  className="Flex-root App-root Flex-flex Flex-justifyCenter"
>
  <div>
    Cannot return null for non-nullable field Comment.actionCounts.

GraphQL request (218:3)
217:   }
218:   actionCounts {
       ^
219:     reaction {

  </div>
</div>
`;
